2026-09-06 15:21:57,336 [43476] INFO worker=local-worker-1 started
2026-09-06 15:22:11,252 [43476] INFO worker=local-worker-1 claimed task=533
2026-09-06 15:22:11,993 [43476] INFO worker=local-worker-1 task=533 done
2026-09-06 15:22:12,139 [43476] INFO worker=local-worker-1 claimed task=538
2026-09-06 15:22:12,694 [43476] INFO worker=local-worker-1 task=538 done
2026-09-06 15:22:13,111 [43476] INFO worker=local-worker-1 claimed task=542
2026-09-06 15:22:13,947 [43476] INFO worker=local-worker-1 task=542 done
2026-09-06 15:22:15,969 [43476] INFO worker=local-worker-1 claimed task=556
2026-09-06 15:22:16,590 [43476] INFO worker=local-worker-1 task=556 done
2026-09-06 15:22:18,077 [43476] INFO worker=local-worker-1 claimed task=567
2026-09-06 15:22:18,653 [43476] INFO worker=local-worker-1 task=567 done
2026-09-06 15:22:19,884 [43476] INFO worker=local-worker-1 claimed task=575
2026-09-06 15:22:20,607 [43476] INFO worker=local-worker-1 task=575 done
2026-09-06 15:22:21,014 [43476] INFO worker=local-worker-1 claimed task=581
2026-09-06 15:22:21,738 [43476] INFO worker=local-worker-1 task=581 done
2026-09-06 15:22:21,876 [43476] INFO worker=local-worker-1 claimed task=585
2026-09-06 15:22:22,622 [43476] INFO worker=local-worker-1 task=585 done
2026-09-06 15:22:23,040 [43476] INFO worker=local-worker-1 claimed task=591
2026-09-06 15:22:23,795 [43476] INFO worker=local-worker-1 task=591 done
2026-09-06 15:22:25,007 [43476] INFO worker=local-worker-1 claimed task=601
2026-09-06 15:22:25,554 [43476] INFO worker=local-worker-1 task=601 done
2026-09-06 15:22:26,249 [43476] INFO worker=local-worker-1 claimed task=608
2026-09-06 15:22:27,144 [43476] INFO worker=local-worker-1 task=608 done
2026-09-06 15:22:30,160 [43476] INFO worker=local-worker-1 claimed task=627
2026-09-06 15:22:31,108 [43476] INFO worker=local-worker-1 task=627 done
2026-09-06 15:22:31,246 [43476] INFO worker=local-worker-1 claimed task=634
2026-09-06 15:22:32,174 [43476] INFO worker=local-worker-1 task=634 done
2026-09-06 15:22:33,102 [43476] INFO worker=local-worker-1 claimed task=643
2026-09-06 15:22:34,008 [43476] INFO worker=local-worker-1 task=643 done
2026-09-06 15:22:35,208 [43476] INFO worker=local-worker-1 claimed task=653
2026-09-06 15:22:35,939 [43476] INFO worker=local-worker-1 task=653 done
2026-09-06 15:22:36,894 [43476] INFO worker=local-worker-1 claimed task=660
2026-09-06 15:22:37,643 [43476] INFO worker=local-worker-1 task=660 done
2026-09-06 15:22:38,885 [43476] INFO worker=local-worker-1 claimed task=670
2026-09-06 15:22:39,626 [43476] INFO worker=local-worker-1 task=670 done
2026-09-06 15:22:45,109 [43476] INFO worker=local-worker-1 claimed task=702
2026-09-06 15:22:45,841 [43476] INFO worker=local-worker-1 task=702 done
2026-09-06 15:22:46,254 [43476] INFO worker=local-worker-1 claimed task=709
2026-09-06 15:22:46,801 [43476] INFO worker=local-worker-1 task=709 done
2026-09-06 15:22:47,216 [43476] INFO worker=local-worker-1 claimed task=713
2026-09-06 15:22:48,202 [43476] INFO worker=local-worker-1 task=713 done
2026-09-06 15:22:48,351 [43476] INFO worker=local-worker-1 claimed task=719
2026-09-06 15:22:49,092 [43476] INFO worker=local-worker-1 task=719 done
2026-09-06 15:22:50,068 [43476] INFO worker=local-worker-1 claimed task=727
2026-09-06 15:22:51,081 [43476] INFO worker=local-worker-1 task=727 done
2026-09-06 15:22:52,031 [43476] INFO worker=local-worker-1 claimed task=737
2026-09-06 15:22:52,569 [43476] INFO worker=local-worker-1 task=737 done
2026-09-06 15:22:52,975 [43476] INFO worker=local-worker-1 claimed task=741
2026-09-06 15:22:53,526 [43476] INFO worker=local-worker-1 task=741 done
2026-09-06 15:22:53,940 [43476] INFO worker=local-worker-1 claimed task=746
2026-09-06 15:22:54,501 [43476] INFO worker=local-worker-1 task=746 done
2026-09-06 15:22:55,171 [43476] INFO worker=local-worker-1 claimed task=753
2026-09-06 15:22:55,897 [43476] INFO worker=local-worker-1 task=753 done
2026-09-06 15:22:56,049 [43476] INFO worker=local-worker-1 claimed task=756
2026-09-06 15:22:56,597 [43476] INFO worker=local-worker-1 task=756 done
2026-09-06 15:22:56,988 [43476] INFO worker=local-worker-1 claimed task=761
2026-09-06 15:22:57,952 [43476] INFO worker=local-worker-1 task=761 done
2026-09-06 15:22:58,109 [43476] INFO worker=local-worker-1 claimed task=767
2026-09-06 15:22:58,670 [43476] INFO worker=local-worker-1 task=767 done
2026-09-06 15:23:00,048 [43476] INFO worker=local-worker-1 claimed task=776
2026-09-06 15:23:00,849 [43476] INFO worker=local-worker-1 task=776 done
2026-09-06 15:23:01,010 [43476] INFO worker=local-worker-1 claimed task=781
2026-09-06 15:23:01,970 [43476] INFO worker=local-worker-1 task=781 done
2026-09-06 15:23:05,190 [43476] INFO worker=local-worker-1 claimed task=803
2026-09-06 15:23:05,730 [43476] INFO worker=local-worker-1 task=803 done
2026-09-06 15:23:05,882 [43476] INFO worker=local-worker-1 claimed task=805
2026-09-06 15:23:06,679 [43476] INFO worker=local-worker-1 task=805 done
2026-09-06 15:23:07,120 [43476] INFO worker=local-worker-1 claimed task=812
2026-09-06 15:23:07,967 [43476] INFO worker=local-worker-1 task=812 done
2026-09-06 15:23:08,116 [43476] INFO worker=local-worker-1 claimed task=817
2026-09-06 15:23:08,687 [43476] INFO worker=local-worker-1 task=817 done
2026-09-06 15:26:53,164 [43476] ERROR worker=local-worker-1 unexpected error
Traceback (most recent call last):
  File "D:\Python313\Lib\site-packages\mysql\connector\connection_cext.py", line 354, in _open_connection
    self._cmysql.connect(**cnx_kwargs)
    ~~~~~~~~~~~~~~~~~~~~^^^^^^^^^^^^^^
_mysql_connector.MySQLInterfaceError: Can't connect to MySQL server on '58.87.93.111:3306' (10060)

The above exception was the direct cause of the following exception:

Traceback (most recent call last):
  File "D:\Code\TaskKanban\app\worker.py", line 246, in main_loop_forever
    handled = run_worker_once(
        worker_id,
    ...<3 lines>...
        lease_seconds=lease_seconds,
    )
  File "D:\Code\TaskKanban\app\worker.py", line 167, in run_worker_once
    task = repository.claim_next_task(worker_id)
  File "D:\Code\TaskKanban\app\repository.py", line 546, in claim_next_task
    task_id = _claim_next_task_tx(worker_id)
  File "D:\Code\TaskKanban\app\repository.py", line 169, in wrapper
    conn = create_connection()
  File "D:\Code\TaskKanban\app\db.py", line 23, in create_connection
    return mysql.connector.connect(
           ~~~~~~~~~~~~~~~~~~~~~~~^
        host=settings.mysql_host,
        ^^^^^^^^^^^^^^^^^^^^^^^^^
    ...<5 lines>...
        charset="utf8mb4",
        ^^^^^^^^^^^^^^^^^^
    )
    ^
  File "D:\Python313\Lib\site-packages\mysql\connector\pooling.py", line 322, in connect
    return CMySQLConnection(*args, **kwargs)
  File "D:\Python313\Lib\site-packages\mysql\connector\connection_cext.py", line 142, in __init__
    self.connect(**kwargs)
    ~~~~~~~~~~~~^^^^^^^^^^
  File "D:\Python313\Lib\site-packages\mysql\connector\abstracts.py", line 1604, in connect
    self._open_connection()
    ~~~~~~~~~~~~~~~~~~~~~^^
  File "D:\Python313\Lib\site-packages\mysql\connector\connection_cext.py", line 360, in _open_connection
    raise get_mysql_exception(
        err.errno, msg=err.msg, sqlstate=err.sqlstate
    ) from err
mysql.connector.errors.DatabaseError: 2003 (HY000): Can't connect to MySQL server on '58.87.93.111:3306' (10060)
2026-09-06 15:29:59,553 [43476] INFO worker=local-worker-1 stopped
